Warning: you have pip-installed dependencies in your environment file, but you do not list pip itself as one of your conda dependencies.  Conda may not use the correct pip to install your packages, and they may end up in the wrong place.  Please add an explicit pip dependency.  I'm adding one for you, but still nagging you.
Channels:
 - pytorch
 - anaconda
 - conda-forge
 - defaults
Platform: linux-64
Collecting package metadata (repodata.json): ...working... done
Solving environment: ...working... done

Downloading and Extracting Packages: ...working... done
Preparing transaction: ...working... done
Verifying transaction: ...working... done
Executing transaction: ...working... By downloading and using the CUDA Toolkit conda packages, you accept the terms and conditions of the CUDA End User License Agreement (EULA): https://docs.nvidia.com/cuda/eula/index.html



    Installed package of scikit-learn can be accelerated using scikit-learn-intelex.
    More details are available here: https://intel.github.io/scikit-learn-intelex

    For example:

        $ conda install scikit-learn-intelex
        $ python -m sklearnex my_application.py

    

done
Installing pip dependencies: ...working... Pip subprocess error:
Traceback (most recent call last):
  File "/home/isha_lodha/.conda/envs/coskad/lib/python3.9/runpy.py", line 197, in _run_module_as_main
    return _run_code(code, main_globals, None,
  File "/home/isha_lodha/.conda/envs/coskad/lib/python3.9/runpy.py", line 87, in _run_code
    exec(code, run_globals)
  File "/home/isha_lodha/.conda/envs/coskad/lib/python3.9/site-packages/pip/__main__.py", line 24, in <module>
    sys.exit(_main())
  File "/home/isha_lodha/.conda/envs/coskad/lib/python3.9/site-packages/pip/_internal/cli/main.py", line 47, in main
    from pip._internal.cli.autocompletion import autocomplete
  File "/home/isha_lodha/.conda/envs/coskad/lib/python3.9/site-packages/pip/_internal/cli/autocompletion.py", line 12, in <module>
    from pip._internal.cli.main_parser import create_main_parser
  File "/home/isha_lodha/.conda/envs/coskad/lib/python3.9/site-packages/pip/_internal/cli/main_parser.py", line 11, in <module>
    from pip._internal.build_env import get_runnable_pip
  File "/home/isha_lodha/.conda/envs/coskad/lib/python3.9/site-packages/pip/_internal/build_env.py", line 22, in <module>
    from pip._internal.cli.spinners import open_rich_spinner, open_spinner
  File "/home/isha_lodha/.conda/envs/coskad/lib/python3.9/site-packages/pip/_internal/cli/spinners.py", line 22, in <module>
    from pip._internal.utils.logging import get_console, get_indentation
  File "/home/isha_lodha/.conda/envs/coskad/lib/python3.9/site-packages/pip/_internal/utils/logging.py", line 32, in <module>
    from pip._internal.utils.misc import StreamWrapper, ensure_dir
  File "/home/isha_lodha/.conda/envs/coskad/lib/python3.9/site-packages/pip/_internal/utils/misc.py", line 36, in <module>
    from pip._internal.locations import get_major_minor_version
  File "/home/isha_lodha/.conda/envs/coskad/lib/python3.9/site-packages/pip/_internal/locations/__init__.py", line 10, in <module>
    from pip._internal.models.scheme import SCHEME_KEYS, Scheme
  File "/home/isha_lodha/.conda/envs/coskad/lib/python3.9/site-packages/pip/_internal/models/scheme.py", line 13, in <module>
    @dataclass(frozen=True, slots=True)
TypeError: dataclass() got an unexpected keyword argument 'slots'

Ran pip subprocess with arguments:
['/home/isha_lodha/.conda/envs/coskad/bin/python', '-m', 'pip', 'install', '-U', '-r', '/home/isha_lodha/poselift-study/external/COSKAD/condaenv.elqm20kl.requirements.txt', '--exists-action=b']
Pip subprocess output:

failed

CondaEnvException: Pip failed

